[pts.com.my/penulis/ustaz-abdullah-khairi.html]
[backblue.gif]
[fade.gif]
[index.html]
[pts.com.my/assets/global/pts_logo_icon2021.png]
[pts.com.my/assets/pts2019/css/default.css]
[pts.com.my/assets/pts2019/css/pts.nav3.css]
[pts.com.my/assets/pts2019/css/pts.2019.css]
[pts.com.my/assets/pts2019/scripts/tinyslider/tinyslider.css]
[pts.com.my/assets/pts2019/scripts/owl/owl.carousel.min.css]
[ajax.googleapis.com/ajax/libs/jquery/3.3.1/jquery.min.js]
[analytics.tiktok.com/i18n/pixel/events.js]
[pts.com.my/assets/global/pts_logo2021.png]
[pts.com.my/assets/pts2019/icons/bc_logo.png]
[pts.com.my/assets/pts2019/icons/shopee_logo.png]
[pts.com.my/assets/pts2019/icons/laz_logo.png]
[pts.com.my/assets/author_photo/_crop/ESS_2582.jpg]
[pts.com.my/assets/book_cover/_crop/Tuhan-Bayar-Cash-Web.jpg]
[pts.com.my/assets/book_cover/_crop/Syurga-Pak-Hang.jpg]
[pts.com.my/assets/book_cover/_crop/Sound_Direct-CO.jpg]
[pts.com.my/assets/global/_small/ptslogo.png]
[pts.com.my/penulis/ustaz-abdullah-khairi.html]
[pts.com.my/cdn-cgi/challenge-platform/h/b/scripts/jsd/695da7821231/main.js]
[cdnjs.cloudflare.com/ajax/libs/font-awesome/5.15.4/css/all.min.css]
[cdnjs.cloudflare.com/ajax/libs/font-awesome/6.4.2/css/all.min.css]
[pts.com.my/assets/pts2019/css/default.css]
[pts.com.my/assets/pts2019/css/pts.nav3.css]
[pts.com.my/assets/pts2019/css/pts.2019.css]
[pts.com.my/assets/pts2019/scripts/tinyslider/tinyslider.css]
[pts.com.my/assets/pts2019/css/animate.min.css]
[pts.com.my/assets/pts2019/scripts/owl/owl.video.play.17.delayed]
[pts.com.my/assets/pts2019/scripts/owl/owl.carousel.min.css]
[cdnjs.cloudflare.com/ajax/libs/font-awesome/5.15.4/css/all.min.css]
[cdnjs.cloudflare.com/ajax/libs/font-awesome/6.4.2/css/all.min.css]
[pts.com.my/assets/pts2019/css/animate.min.css]
[pts.com.my/assets/pts2019/scripts/owl/owl.video.play.html]
