[siplus.sinarharian.com.my/gaya-hidup/orang-tak-suka-dekat-kita-ustaz-abdullah-khairi-kongsi-tips-agar-disenangi-ramai/index.html]
[backblue.gif]
[fade.gif]
[index.html]
[siplus.sinarharian.com.my/wp-includes/css/dist/block-library/style.minef10.css]
[siplus.sinarharian.com.my/wp-content/themes/ever/assets/css/bootstrap.minef10.css]
[siplus.sinarharian.com.my/wp-content/themes/ever/assets/css/ionicons.minef10.css]
[siplus.sinarharian.com.my/wp-content/themes/ever/styleef10.css]
[siplus.sinarharian.com.my/wp-content/themes/ever/assets/css/responsiveef10.css]
[siplus.sinarharian.com.my/wp-content/themes/ever/assets/css/magnific-popupef10.css]
[siplus.sinarharian.com.my/wp-content/themes/ever-child-theme/styleef10.css]
[siplus.sinarharian.com.my/wp-content/themes/ever-child-theme/ctc-styleef10.css]
[siplus.sinarharian.com.my/wp-content/themes/ever/assets/js/functionsef10.js]
[siplus.sinarharian.com.my/wp-includes/js/jquery/jquery.minf43b.js]
[siplus.sinarharian.com.my/wp-includes/js/jquery/jquery-migrate.min5589.js]
[siplus.sinarharian.com.my/wp-content/themes/ever/assets/js/jquery.magnific-popup.minef10.js]
[siplus.sinarharian.com.my/wp-content/themes/ever/assets/js/waves-scriptef10.js]
[siplus.sinarharian.com.my/wp-content/uploads/2021/02/cropped-LOGO-SINAR-ISLAM-32x32.png]
[siplus.sinarharian.com.my/wp-content/uploads/2021/02/cropped-LOGO-SINAR-ISLAM-192x192.png]
[siplus.sinarharian.com.my/wp-content/uploads/2021/02/cropped-LOGO-SINAR-ISLAM-180x180.png]
[siplus.sinarharian.com.my/wp-content/uploads/2023/01/GAMBAR-PORTAL-FB-27.png]
[sinarislamplus.sinarharian.com.my/wp-content/uploads/2021/06/Untitled-design-2021-06-30T161205.971-1.jpg]
[sinarislamplus.sinarharian.com.my/wp-content/uploads/2023/01/GAMBAR-PORTAL-FB-26.png]
[siplus.sinarharian.com.my/wp-content/uploads/2022/10/pexels-konevi-4346403-400x250.jpg]
[siplus.sinarharian.com.my/wp-content/uploads/2023/01/GAMBAR-PORTAL-FB-28-400x250.png]
[siplus.sinarharian.com.my/wp-content/themes/ever/assets/js/scriptsef10.js]
[siplus.sinarharian.com.my/gaya-hidup/orang-tak-suka-dekat-kita-ustaz-abdullah-khairi-kongsi-tips-agar-disenangi-ramai/index.html]
[siplus.sinarharian.com.my/wp-includes/css/dist/block-library/style.minef10.css]
[siplus.sinarharian.com.my/wp-content/themes/ever/assets/css/bootstrap.minef10.css]
[siplus.sinarharian.com.my/wp-content/themes/ever/assets/css/ionicons.minef10.css]
[siplus.sinarharian.com.my/wp-content/themes/ever/assets/img/email-bg.png]
[siplus.sinarharian.com.my/wp-content/themes/ever/owl.video.play.png]
[siplus.sinarharian.com.my/wp-content/themes/ever/assets/img/gif-button.png]
[siplus.sinarharian.com.my/wp-content/themes/ever/styleef10.css]
[siplus.sinarharian.com.my/wp-content/themes/ever/assets/css/responsiveef10.css]
[siplus.sinarharian.com.my/wp-content/themes/ever/assets/css/magnific-popupef10.css]
[siplus.sinarharian.com.my/wp-content/themes/ever-child-theme/styleef10.css]
[siplus.sinarharian.com.my/wp-content/themes/ever-child-theme/ctc-styleef10.css]
[siplus.sinarharian.com.my/wp-content/themes/ever/owl.video.play.html]
